// Jest Snapshot v1, https://goo.gl/fbAQLP

exports[`Button should render children text 1`] = `
<WithStyles(Button)>
  Save
</WithStyles(Button)>
`;
